
> university-management-system-frontend@1.0.0 build
> tsc -b && vite build

vite.config.ts(3,18): error TS2307: Cannot find module 'path' or its corresponding type declarations.
vite.config.ts(9,25): error TS2304: Cannot find name '__dirname'.
src/App.tsx(1,1): error TS6133: 'React' is declared but its value is never read.
src/components/layout/Navbar.tsx(6,1): error TS6133: 'Button' is declared but its value is never read.
src/context/AuthContext.tsx(28,19): error TS18046: 'response.data' is of type 'unknown'.
src/pages/admin/AdminDashboard.tsx(62,31): error TS2339: Property 'total_students' does not exist on type '{}'.
src/pages/admin/AdminDashboard.tsx(68,31): error TS2339: Property 'total_teachers' does not exist on type '{}'.
src/pages/admin/AdminDashboard.tsx(74,31): error TS2339: Property 'total_courses' does not exist on type '{}'.
src/pages/admin/AdminDashboard.tsx(80,31): error TS2339: Property 'active_offerings' does not exist on type '{}'.
src/pages/admin/AdminDepartments.tsx(91,40): error TS2339: Property 'length' does not exist on type '{}'.
src/pages/admin/AdminDepartments.tsx(93,26): error TS2339: Property 'map' does not exist on type '{}'.
src/pages/SettingsPage.tsx(3,68): error TS2305: Module '"@/components/ui"' has no exported member 'Toggle'.
src/pages/SettingsPage.tsx(3,68): error TS6133: 'Toggle' is declared but its value is never read.
src/pages/SettingsPage.tsx(111,7): error TS6133: 'Toggle' is declared but its value is never read.
src/pages/student/StudentDashboard.tsx(25,37): error TS6133: 'resultsLoading' is declared but its value is never read.
src/pages/student/StudentDashboard.tsx(41,40): error TS2339: Property 'length' does not exist on type '{}'.
src/pages/student/StudentDashboard.tsx(42,37): error TS2339: Property 'filter' does not exist on type '{}'.
src/pages/student/StudentDashboard.tsx(43,34): error TS2339: Property 'length' does not exist on type '{}'.
src/pages/student/StudentDashboard.tsx(44,16): error TS2339: Property 'reduce' does not exist on type '{}'.
src/pages/student/StudentDashboard.tsx(44,88): error TS2339: Property 'length' does not exist on type '{}'.
src/pages/student/StudentDashboard.tsx(97,44): error TS2339: Property 'length' does not exist on type '{}'.
src/pages/student/StudentDashboard.tsx(99,30): error TS2339: Property 'slice' does not exist on type '{}'.
src/pages/student/StudentEnrollments.tsx(58,36): error TS2339: Property 'length' does not exist on type '{}'.
src/pages/student/StudentEnrollments.tsx(60,24): error TS2339: Property 'map' does not exist on type '{}'.
src/pages/student/StudentProfile.tsx(81,44): error TS2339: Property 'name' does not exist on type '{}'.
src/pages/student/StudentProfile.tsx(88,44): error TS2339: Property 'email' does not exist on type '{}'.
src/pages/student/StudentProfile.tsx(98,44): error TS2339: Property 'roll' does not exist on type '{}'.
src/pages/student/StudentProfile.tsx(102,44): error TS2339: Property 'phone' does not exist on type '{}'.
src/pages/student/StudentProfile.tsx(111,42): error TS2339: Property 'bio' does not exist on type '{}'.
src/pages/student/StudentResults.tsx(8,3): error TS6133: 'CardHeader' is declared but its value is never read.
src/pages/student/StudentResults.tsx(49,34): error TS2339: Property 'length' does not exist on type '{}'.
src/pages/student/StudentResults.tsx(50,16): error TS2339: Property 'reduce' does not exist on type '{}'.
src/pages/student/StudentResults.tsx(50,88): error TS2339: Property 'length' does not exist on type '{}'.
src/pages/student/StudentResults.tsx(63,32): error TS2339: Property 'length' does not exist on type '{}'.
src/pages/student/StudentResults.tsx(82,32): error TS2339: Property 'length' does not exist on type '{}'.
src/pages/student/StudentResults.tsx(112,28): error TS2339: Property 'map' does not exist on type '{}'.
src/pages/teacher/TeacherDashboard.tsx(33,37): error TS2339: Property 'length' does not exist on type '{}'.
src/pages/teacher/TeacherDashboard.tsx(34,36): error TS2339: Property 'reduce' does not exist on type '{}'.
src/pages/teacher/TeacherDashboard.tsx(86,40): error TS2339: Property 'length' does not exist on type '{}'.
src/pages/teacher/TeacherDashboard.tsx(88,28): error TS2339: Property 'map' does not exist on type '{}'.
src/pages/teacher/TeacherOfferings.tsx(51,36): error TS2339: Property 'length' does not exist on type '{}'.
src/pages/teacher/TeacherOfferings.tsx(53,24): error TS2339: Property 'map' does not exist on type '{}'.
src/pages/teacher/TeacherProfile.tsx(49,53): error TS2339: Property 'name' does not exist on type '{}'.
src/pages/teacher/TeacherProfile.tsx(50,67): error TS2339: Property 'email' does not exist on type '{}'.
